error[E0017]: 'temp' does not live long enough

   ┌─ test/fail/01_store_scratch_in_arena.nul:14:16
   │
 8 │ fn leak(arena: Arena) *Box {
   │         ─────  'arena' comes from the caller
 9 │     var scratch = arena.child()
   │         ───────  'scratch' is created here, as a child of 'arena'
   ·
11 │     var box = arena.create(Box)
   │         ───  'box' lives in 'arena'
12 │     var temp = scratch.create(i64)
   │         ────  'temp' lives in 'scratch'
   ·
14 │     box.item = temp
   │     ────────   ^^^^  this lives in 'scratch'
   │     │
   │     └─ this lives in 'arena'
   │
   = note: 'scratch' is a child of 'arena', and a child dies before its parent.
   │
   = help: 'temp' has to outlive 'box'. One way, allocating it from 'arena':
   │
12 │ -     var temp = scratch.create(i64)
12 │ +     var temp = arena.create(i64)
   │
