error: 'buf' does not live long enough

   ┌─ test/fail/02_return_scratch.nul:14:12
   │
 8 │ fn build(arena: Arena) *Buffer {
   │                        ───────  the result is returned into 'arena'
 9 │     var scratch = arena.child()
   │         ───────  'scratch' is created here, as a child of 'arena'
   ·
11 │     var buf = scratch.create(Buffer)
   │         ───  'buf' lives in 'scratch'
   ·
14 │     return buf
   │            ^^^  returned to a scope that outlives 'scratch'
   │
   = note: 'scratch' is a child of 'arena', and a child dies before its parent.
           The caller would receive a pointer into memory released at line 15.
   = help: allocate the result in 'arena' instead
             var buf = arena.create(Buffer)
