error[E0017]: 's' does not live long enough to be returned

   ┌─ test/fail/03_return_local_arena.nul:15:5
   │
10 │     var local = Arena.init()
   │         ─────  'local' is made here, and dies at the end of this function
   ·
12 │     var s = local.create(Session)
   │         ─  's' lives in 'local'
   ·
15 │     return s
   │     ^^^^^^^^  returned here, but 'local' dies first
   │
   = note: a result is stored into the caller, so it has to live in an arena the caller
           already has. 'local' is made in this function, and dies with it.
   │
   = help: take an arena parameter, and allocate the result from it
             fn f(arena: Arena) ...
   │
