error: 's' does not live long enough

   ┌─ test/fail/03_return_local_arena.nul:15:12
   │
 9 │ fn open() *Session {
   │           ────────  the caller receives this pointer
10 │     var local = Arena.init()
   │         ─────  'local' is created here, and dies at line 16
   ·
12 │     var s = local.create(Session)
   │         ─  's' lives in 'local'
   ·
15 │     return s
   │            ^  returned to a scope that does not own 'local'
   │
   = note: 'local' is created inside 'open', so it dies before the caller can
           look at what it was given. Nothing allocated from it is still there
           when the caller looks.
   = help: take the arena as a parameter, so the caller decides how long the
           result lives
             fn open(arena: Arena) *Session {
