error[E0017]: 'sample' does not live long enough

   ┌─ test/fail/04_escape_borrowed_param.nul:15:16
   │
12 │ fn remember(arena: Arena, sample: *Reading) *Cache {
   │             ─────         ──────  the caller owns what 'sample' points at
   │             │
   │             └─ 'arena' comes from the caller
13 │     var c = arena.create(Cache)
   │         ─  'c' lives in 'arena'
   ·
15 │     c.latest = sample
   │     ────────   ^^^^^^  this is borrowed from the caller
   │     │
   │     └─ this lives in 'arena'
   │
   = note: 'sample' is borrowed. The caller decides how long it lives, so nothing here may
           keep a pointer to it.
   │
   = help: 'c' has to own what it keeps. One way, copying into 'arena':
   │
15 │ -     c.latest = sample
15 │ +     c.latest = arena.create(Reading)
   │
