error: 'sample' does not live long enough

   ┌─ test/fail/04_escape_borrowed_param.nul:15:16
   │
12 │ fn remember(arena: Arena, sample: *Reading) *Cache {
   │                           ──────  'sample' is borrowed for this call only
13 │     var c = arena.create(Cache)
   │         ─  'c' lives in 'arena'
   ·
15 │     c.latest = sample
   │     ────────   ^^^^^^  this pointer belongs to the caller
   │     │
   │     this memory lives in 'arena'
   ·
17 │     return c
   │            ─  'c' escapes here, still holding 'sample'
   │
   = note: 'sample' belongs to the caller, and nothing inside 'remember' can
           prove it outlives 'arena'. Borrowing needs no thought anywhere else,
           because a borrow cannot outlive its call. Keeping one is the
           exception.
   = help: copy what you need into 'arena'
             c.latest = arena.copy(sample)
