error: 'analyze' takes more than one arena, so its result has no single home

  ┌─ test/fail/05_two_arenas.nul:9:25
  │
9 │ fn analyze(long: Arena, short: Arena, input: str) *Report {
  │            ───────────  ^^^^^^^^^^^^              ───────  which arena is this in?
  │            │            │
  │            │            a second arena parameter
  │            the first arena parameter
  │
  = note: A function allocates its results into exactly one arena. That rule
          is what lets a caller know where a result lives without anyone
          writing a lifetime down.
  = help: drop 'short', and create a child inside the body for temporaries
            fn analyze(long: Arena, input: str) *Report {
                var short = long.child()
