error[E0019]: 'item' is used after 'scratch' was released

   ┌─ test/fail/06_use_after_reset.nul:17:12
   │
12 │     var item = scratch.create(Item)
   │         ────  'item' lives in 'scratch'
   ·
15 │     scratch.reset()
   │     ───────────────  everything in 'scratch' dies here
   ·
17 │     return item.weight
   │            ^^^^^^^^^^^  read after its memory was released
   │
   = help: read what you need before releasing 'scratch', and keep that
   │
