error[E0017]: 'payload' does not live long enough

   ┌─ test/fail/07_sibling_arenas.nul:20:15
   │
14 │     var first = arena.child()
   │         ─────  'first' is created here, as a child of 'arena'
15 │     var second = arena.child()
   │         ──────  'second' is created here, as a child of 'arena'
   ·
17 │     var link = first.create(Link)
   │         ────  'link' lives in 'first'
18 │     var payload = second.create(Payload)
   │         ───────  'payload' lives in 'second'
   ·
20 │     link.to = payload
   │     ───────   ^^^^^^^  this lives in 'second'
   │     │
   │     └─ this lives in 'first'
   │
   = note: 'second' and 'first' are siblings.
           Neither outlives the other, so a pointer either way can dangle.
   │
   = help: 'payload' has to outlive 'link'. One way, allocating it from 'first':
   │
18 │ -     var payload = second.create(Payload)
18 │ +     var payload = first.create(Payload)
   │
