error[E0017]: 'temp' does not live long enough

   ┌─ test/fail/08_store_through_param.nul:14:17
   │
 9 │ fn fill(arena: Arena, slot: *var Slot) {
   │                       ────  the caller owns what 'slot' points at
10 │     var scratch = arena.child()
   │         ───────  'scratch' is created here, as a child of 'arena'
   ·
12 │     var temp = scratch.create(i64)
   │         ────  'temp' lives in 'scratch'
   ·
14 │     slot.held = temp
   │     ─────────   ^^^^  this lives in 'scratch'
   │     │
   │     └─ this is borrowed from the caller
   │
   = note: 'slot' belongs to the caller and outlives this function.
           'scratch' dies at the end of it.
   │
   = help: 'temp' has to outlive 'slot'. One way, allocating it from 'arena':
   │
12 │ -     var temp = scratch.create(i64)
12 │ +     var temp = arena.create(i64)
   │
