error: 'temp' does not live long enough

   ┌─ test/fail/08_store_through_param.nul:14:17
   │
 9 │ fn fill(arena: Arena, slot: *var Slot) {
   │                       ───────────────  'slot' is written through, so it outlives 'arena'
10 │     var scratch = arena.child()
   │         ───────  'scratch' is created here, as a child of 'arena'
   ·
12 │     var temp = scratch.create(i64)
   │         ────  'temp' lives in 'scratch'
   ·
14 │     slot.held = temp
   │     ─────────   ^^^^  this points into 'scratch'
   │     │
   │     this memory outlives 'arena'
   │
   = note: writing through 'slot' means the caller guarantees 'slot' outlives
           'arena'. 'scratch' is a child of 'arena', so it dies first, and
           'slot.held' would still point into it.
   = help: copy the value into the arena the caller can see
             slot.held = arena.copy(temp)
