error[E0017]: 'value' does not live long enough

   ┌─ test/fail/09_nested_child.nul:15:18
   │
 9 │     var mid = arena.child()
   │         ───  'mid' is created here, as a child of 'arena'
10 │     var deep = mid.child()
   │         ────  'deep' is created here, as a child of 'mid'
   ·
12 │     var cell = mid.create(Cell)
   │         ────  'cell' lives in 'mid'
13 │     var value = deep.create(i64)
   │         ─────  'value' lives in 'deep'
   ·
15 │     cell.inner = value
   │     ──────────   ^^^^^  this lives in 'deep'
   │     │
   │     └─ this lives in 'mid'
   │
   = note: 'deep' is a child of 'mid', and a child dies before its parent.
   │
   = help: 'value' has to outlive 'cell'. One way, allocating it from 'mid':
   │
13 │ -     var value = deep.create(i64)
13 │ +     var value = mid.create(i64)
   │
