error[E0017]: 'scratch' does not live long enough

   ┌─ test/fail/11_store_child_arena.nul:15:15
   │
10 │ fn build(arena: Arena) *Box {
   │          ─────  'arena' comes from the caller
11 │     var scratch = arena.child()
   │         ───────  'scratch' is created here, as a child of 'arena'
   ·
13 │     var b = arena.create(Box)
   │         ─  'b' lives in 'arena'
   ·
15 │     b.arena = scratch
   │     ───────   ^^^^^^^  this lives in 'scratch'
   │     │
   │     └─ this lives in 'arena'
   │
   = note: 'scratch' is a child of 'arena', and a child dies before its parent.
   │
   = help: store 'arena' instead, which outlives this memory, or keep an index rather
           than the arena itself
   │
