error[E0003]: no declaration named 'scratchh'

  ┌─ test/fail/23_undefined_name.nul:6:12
  │
6 │     return scratchh + limitt
  │            ^^^^^^^^  not found in this scope
  │

error[E0003]: no declaration named 'limitt'

  ┌─ test/fail/23_undefined_name.nul:6:23
  │
6 │     return scratchh + limitt
  │                       ^^^^^^  not found in this scope
  │
