error[E0024]: 'break' is not inside a loop

  ┌─ test/fail/29_break_outside_loop.nul:4:9
  │
4 │         break
  │         ^^^^^  no loop encloses this
  │

error[E0024]: 'continue' is not inside a loop

  ┌─ test/fail/29_break_outside_loop.nul:6:5
  │
6 │     continue
  │     ^^^^^^^^  no loop encloses this
  │

error[E0023]: 'stray' returns 'i64', but its end is reachable

  ┌─ test/fail/29_break_outside_loop.nul:7:1
  │
2 │ fn stray(n: i64) i64 {
  │                  ───  declared to return 'i64' here
  ·
7 │ }
  │ ^  control can reach here with nothing returned
  │
  = help: end every path through the body in a 'return'
  │
