error[E0019]: 'scratch' is used after it was destroyed

   ┌─ test/fail/30_destroyed_arena.nul:11:18
   │
 9 │     scratch.destroy()
   │     ─────────────────  'scratch' is destroyed here
   ·
11 │     var second = scratch.create(i64)
   │                  ^^^^^^^^^^^^^^^^^^^  nothing can come from a destroyed arena
   │
   = help: 'reset' empties an arena that stays alive; 'destroy' is final
   │
