error[E0017]: 'p' does not live long enough

   ┌─ test/fail/31_branch_pointer_escapes.nul:19:16
   │
10 │ fn stash(arena: Arena, pick: bool) *Box {
   │          ─────  'arena' comes from the caller
11 │     var scratch = arena.child()
   │         ───────  'scratch' is created here, as a child of 'arena'
   ·
13 │     var p = arena.create(i64)
   │         ─  'p' lives in 'scratch'
   ·
18 │     var box = arena.create(Box)
   │         ───  'box' lives in 'arena'
19 │     box.item = p
   │     ────────   ^  this lives in 'scratch'
   │     │
   │     └─ this lives in 'arena'
   │
   = note: 'scratch' is a child of 'arena', and a child dies before its parent.
   │
   = help: 'p' has to outlive 'box' on every path. Allocate it from one arena on every branch,
           or copy what it reaches into 'arena' before storing it
   │
