error[E0017]: 'p' does not live long enough

   ┌─ test/fail/32_sibling_paths.nul:19:16
   │
 9 │ fn stash(arena: Arena, pick: bool) {
   │          ─────  'arena' comes from the caller
10 │     var s1 = arena.child()
   │         ──  's1' is created here, as a child of 'arena'
11 │     var s2 = arena.child()
   │         ──  's2' is created here, as a child of 'arena'
   ·
13 │     var p = s1.create(i64)
   │         ─  'p' lives in 's1' on one path and 's2' on another
   ·
18 │     var box = arena.create(Box)
   │         ───  'box' lives in 'arena'
19 │     box.item = p
   │     ────────   ^  this lives in 's1' on one path and 's2' on another
   │     │
   │     └─ this lives in 'arena'
   │
   = note: which arena this lives in depends on the path taken, and neither
           's1' nor 's2' outlives 'arena'.
   │
   = help: 'p' has to outlive 'box' on every path. Allocate it from one arena on every branch,
           or copy what it reaches into 'arena' before storing it
   │
