error[E0012]: 'p' is a value, so its fields cannot be assigned

  ┌─ test/fail/34_assign_into_a_value.nul:8:5
  │
7 │ fn scale(arena: Arena, p: Point) i64 {
  │                        ─  declared here, as a value parameter
8 │     p.x = p.x * 2
  │     ^  a write here would land on a copy
  │
  = help: take 'p: *var Point' to write what the caller passed
  │

error[E0012]: 'q' is a value, so its fields cannot be assigned

   ┌─ test/fail/34_assign_into_a_value.nul:11:5
   │
10 │     let q = arena.copy(p)
   │         ─  declared here, as a 'let'
11 │     q.x = 5
   │     ^  a write here would land on a copy
   │
   = help: declare it with 'var' if it has to change
   │
