error[E0237]: 'Pair' reaches other memory, so 'copy' refuses it
  --> test/fail/copy_reaches_memory.nul:13:12
   |
13 |     return arena.copy(pair)
   |            ^^^^^^^^^^^^^^^ cannot be copied
   |
   = help: copy what the pointers reach, and rebuild the value around it
note: 'left' reaches other memory
  --> test/fail/copy_reaches_memory.nul:8:5
   |
 8 |     left: *var Inner
   |     ^^^^^^^^^^^^^^^^

