error[E0237]: 'Holder' reaches other memory, so 'copy' refuses it
 --> test/fail/copy_arena_field.nul:9:12
  |
9 |     return arena.copy(holder)
  |            ^^^^^^^^^^^^^^^^^ cannot be copied
  |
  = help: copy what the pointers reach, and rebuild the value around it
note: 'kept' is an arena, and an arena you can still name is memory you can still reach
 --> test/fail/copy_arena_field.nul:4:5
  |
4 |     kept: Arena
  |     ^^^^^^^^^^^

