error[E0239]: an arena dies at the end of its scope already
 --> test/fail/defer_destroy.nul:5:11
  |
5 |     defer scratch.destroy()
  |           ^^^^^^^^^^^^^^^^^ 'defer' fires at scope exit, when this happens anyway
  |
  = help: delete this line; 'destroy' exists to end an arena earlier than its scope

