error[E0245]: a 'defer' runs on the way out, so it cannot leave again
 --> test/fail/defer_cannot_leave.zol:2:11
  |
2 |     defer return 1
  |           ^^^^^^^^ no 'return' here

error[E0245]: a 'defer' runs on the way out, so it cannot leave again
 --> test/fail/defer_cannot_leave.zol:8:15
  |
8 |         defer break
  |               ^^^^^ not allowed here

