error[E0244]: '_' cannot be bound; it is how a value is discarded
 --> test/fail/discard_reserved.nul:2:5
  |
2 |     let _ = 5
  |     ^^^^^^^^^ not a name
  |
  = help: write '_ = expression' to drop the value on purpose

error[E0244]: '_' has no value; it only discards one
 --> test/fail/discard_reserved.nul:7:16
  |
7 |     return n + _
  |                ^ not a value

error[E0244]: '_' is not a place; it only discards a whole value
  --> test/fail/discard_reserved.nul:11:5
   |
11 |     _.x = n
   |     ^ not a place

