error[E0215]: the arms of this 'if' do not say what type it is
 --> test/fail/if_arms_have_no_type.zol:6:13
  |
6 |     let n = if c { 10 } else { 100 }
  |             ^^^^^^^^^^^^^^^^^^^^^^ no type in sight
  |
  = help: annotate what it feeds, as in 'let n: i64 = if ...'

error[E0206]: this 'if' produces nothing, so it cannot stand where a value does
  --> test/fail/if_arms_have_no_type.zol:11:13
   |
11 |     let n = if c { effect() } else { effect() }
   |             ^^^^^^^^^^^^^^^^^^^^^^^^^^^^^^^^^ no value here
   |
   = help: an arm has to end in a value for the 'if' to have one

