error[E0119]: expected a match arm, found 'return'
 --> test/parse-error/match_unclosed.phi:7:5
  |
7 |     return 0
  |     ^^^^^^ expected a match arm
  |
  = help: an arm is 'Member => expression', or 'else =>' for the rest

error[E0101]: expected '}', found the end of the line
 --> test/parse-error/match_unclosed.phi:8:2
  |
8 | }
  |  ^ expected '}'
note: to close the '{' opened here
 --> test/parse-error/match_unclosed.phi:4:20
  |
4 | fn f(e: A | B) u32 {
  |                    ^

