error[E0104]: expected a declaration, found invalid bytes
 --> test/parse-error/random_bytes.zol:1:1
  |
1 |   ÿ AÃ( þ \`$#@
  | ^^^^^ expected a declaration
  |
  = help: a file holds 'import', 'type', 'fn', and 'let'

error[E0104]: expected a declaration, found invalid bytes
 --> test/parse-error/random_bytes.zol:2:1
  |
2 | Ø€.?~ ÿ
  | ^^ expected a declaration
  |
  = help: a file holds 'import', 'type', 'fn', and 'let'

