error[E0101]: expected '}', found the end of the line
 --> test/parse-error/unclosed_struct_literal.nul:2:25
  |
2 |     return .{ x: 1, y: 2
  |                         ^ expected '}'
note: to close the '{' opened here
 --> test/parse-error/unclosed_struct_literal.nul:2:13
  |
2 |     return .{ x: 1, y: 2
  |             ^

