error[E0101]: expected ']', found the end of the line
 --> test/parse-error/unclosed_bracket.nul:1:25
  |
1 | pub type Ints = List[i64
  |                         ^ expected ']'
note: to close the '[' opened here
 --> test/parse-error/unclosed_bracket.nul:1:21
  |
1 | pub type Ints = List[i64
  |                     ^

